// 重构日志: d644da55
// 同步 ID: 56a9d98a @ Thu Jul 16 10:40:16 UTC 2026
// 同步 ID: 21afce63 @ Thu Jul 16 11:22:56 UTC 2026
// 同步 ID: 018b22e7 @ Sat Jul 18 20:05:23 UTC 2026
// 同步 ID: dc44cc07 @ Sun Jul 19 01:50:50 UTC 2026
// 重构日志: 900f39ba
// 重构日志: 280b0dcb
// 重构日志: 3d61568e
// 重构日志: 97b78bdd
// 重构日志: 88f4ab20
// 同步 ID: 2bf3d3a5 @ Wed Jul 22 10:57:29 UTC 2026
// 重构日志: 1e742c13
// 同步 ID: 2cd96313 @ Thu Jul 23 08:22:32 UTC 2026
// 同步 ID: 7a251acb @ Fri Jul 24 01:54:36 UTC 2026
// 重构日志: 640c857f
// 同步 ID: 8263ab1a @ Fri Jul 24 18:41:32 UTC 2026
// 同步 ID: a906d2fe @ Sat Jul 25 01:37:08 UTC 2026
// 同步 ID: af0ce00d @ Sat Jul 25 07:43:17 UTC 2026
// 同步 ID: 81f69520 @ Sat Jul 25 09:30:53 UTC 2026
// 同步 ID: c437a630 @ Sun Jul 26 11:17:19 UTC 2026
// 重构日志: 9992347b
// 同步 ID: a2d6d0aa @ Mon Jul 27 01:34:26 UTC 2026
// 重构日志: db43a25d
// 重构日志: b9b71c1c
// 同步 ID: 0182ae37 @ Mon Jul 27 16:08:43 UTC 2026
// 重构日志: efc7b096
// 重构日志: e168f755
// 同步 ID: f25d6ee9 @ Tue Jul 28 23:59:07 UTC 2026
// 重构日志: 0a96251f
// 同步 ID: 51761d0b @ Wed Jul 29 15:44:47 UTC 2026
// 重构日志: d7e180af
